Version    = 1
Generated  = 1468770536
TOC count  = 3
Cluster    = 127
Process    = 29956
Flags      = process (0x2)

TOC[0]: toc offset 40, metrics offset 88 (1 entries)
  [725/88] simple.counter
      type=Int32 (0x0), sem=counter (0x1), pad=0x0
      unit=count (0x100000)
      (no indom)
      shorttext=A Simple Metric
      longtext=This is a simple counter metric to demonstrate the speed API

TOC[1]: toc offset 56, values offset 192 (1 entries)
  [725/192] simple.counter = 42

TOC[2]: toc offset 72, strings offset 224 (2 entries)
  [1/224] A Simple Metric
  [2/480] This is a simple counter metric to demonstrate the speed API

